<input> : {} :=
  let Id : Type := fun (A : Type) (_ : A) -> A;
  let id : Id := fun A a => a;
  id {} {}
