<stdin> : {} :=
  let Id : Type := fun (A : Type) (_ : A) -> A;
  let id : fun (A : Type) (_ : A) -> A := fun (A : Type) (a : A) => a;
  id {} {}
