<input> : Type :=
  let _ :=
    (fun A B := { A := A; B := B }) :
      fun (A : Type) (B : Type) -> { A : Type; B : Type };
  let _ :=
    (fun A B := { A := A; B := B }) :
      fun (A : Type) (B : Type) -> { A : Type; B : Type };
  let _ :=
    (fun A B := { A := A; B := B }) :
      fun (A : Type) (B : Type) -> { A : Type; B : Type };
  Type
