<input> : Type :=
  let _ :=
    (fun A x :=
       let record := #sing-intro : { x : A } [= { x := x }]; { x := x }.x) :
      fun (A : Type) (x : A) -> A;
  Type
