<stdin> : Type :=
  let _ : fun (A : Type) (x : A) -> A [= x] :=
    fun (A : Type) (x : A) => #sing-intro;
  Type
