let a : Int := 1;
let f : Int -> Int := clos(fun (env : ()) (x : Int) => x, ());
f 100
