def f0↑ (env1 : (Int,)) (x2 : Int) := env1.0;
let a0 : Int := 1;
f0↑ (a0,) 100
