def add-x0↑ (env1 : (Int,)) (y2 : Int) := #add env1.0 y2;
let add-captured3 : Int -> Int := let x0 : Int := 5; clos(add-x0↑, (x0,));
#add (add-captured3 3) 4
